Archive member included to satisfy reference by file (symbol)

c:/program files/microchip/xc8/v2.31/avr/bin/../lib/gcc/avr/5.4.0/avr51/memx-const\libgcc.a(_exit.o)
                              C:/Program Files (x86)/Atmel/Studio/7.0/Packs/atmel/ATmega_DFP/1.6.364/xc8/avr/lib/avr51/memx-const/crtatmega128.o (exit)
c:/program files/microchip/xc8/v2.31/avr/bin/../lib/gcc/avr/5.4.0/avr51/memx-const\libgcc.a(_copy_data.o)
                              main.o (__do_copy_data)
c:/program files/microchip/xc8/v2.31/avr/bin/../lib/gcc/avr/5.4.0/avr51/memx-const\libgcc.a(_movmemx.o)
                              lcd.o (__movmemx_qi)
c:/program files/microchip/xc8/v2.31/avr/bin/../lib/gcc/avr/5.4.0/../../../../avr/lib/avr51/memx-const\libc.a(strcpy_M.o)
                              main.o (strcpy)
c:/program files/microchip/xc8/v2.31/avr/bin/../lib/gcc/avr/5.4.0/../../../../avr/lib/avr51/memx-const\libc.a(sprintf.o)
                              main.o (sprintf)
c:/program files/microchip/xc8/v2.31/avr/bin/../lib/gcc/avr/5.4.0/../../../../avr/lib/avr51/memx-const\libc.a(vfprintf_std.o)
                              c:/program files/microchip/xc8/v2.31/avr/bin/../lib/gcc/avr/5.4.0/../../../../avr/lib/avr51/memx-const\libc.a(sprintf.o) (vfprintf)
c:/program files/microchip/xc8/v2.31/avr/bin/../lib/gcc/avr/5.4.0/../../../../avr/lib/avr51/memx-const\libc.a(strnlen_M.o)
                              c:/program files/microchip/xc8/v2.31/avr/bin/../lib/gcc/avr/5.4.0/../../../../avr/lib/avr51/memx-const\libc.a(vfprintf_std.o) (strnlen)
c:/program files/microchip/xc8/v2.31/avr/bin/../lib/gcc/avr/5.4.0/../../../../avr/lib/avr51/memx-const\libc.a(fputc.o)
                              c:/program files/microchip/xc8/v2.31/avr/bin/../lib/gcc/avr/5.4.0/../../../../avr/lib/avr51/memx-const\libc.a(vfprintf_std.o) (fputc)
c:/program files/microchip/xc8/v2.31/avr/bin/../lib/gcc/avr/5.4.0/../../../../avr/lib/avr51/memx-const\libc.a(ultoa_invert.o)
                              c:/program files/microchip/xc8/v2.31/avr/bin/../lib/gcc/avr/5.4.0/../../../../avr/lib/avr51/memx-const\libc.a(vfprintf_std.o) (__ultoa_invert)
c:/program files/microchip/xc8/v2.31/avr/bin/../lib/gcc/avr/5.4.0/avr51/memx-const\libgcc.a(_xload_1.o)
                              c:/program files/microchip/xc8/v2.31/avr/bin/../lib/gcc/avr/5.4.0/../../../../avr/lib/avr51/memx-const\libc.a(strcpy_M.o) (__xload_1)

Allocating common symbols
Common symbol       size              file

stringHolder        0x10              main.o
SelfTestBuffer      0x40              main.o
buf                 0x8               display.o
str                 0x10              main.o

Discarded input sections

 .data          0x0000000000000000        0x0 C:/Program Files (x86)/Atmel/Studio/7.0/Packs/atmel/ATmega_DFP/1.6.364/xc8/avr/lib/avr51/memx-const/crtatmega128.o
 .bss           0x0000000000000000        0x0 C:/Program Files (x86)/Atmel/Studio/7.0/Packs/atmel/ATmega_DFP/1.6.364/xc8/avr/lib/avr51/memx-const/crtatmega128.o
 .text          0x0000000000000000        0x0 display.o
 .data          0x0000000000000000        0x0 display.o
 .bss           0x0000000000000000        0x0 display.o
 .text.displaySetPixel
                0x0000000000000000       0x1e display.o
 .text.displayClrPixel
                0x0000000000000000       0x20 display.o
 .text.displayRotl
                0x0000000000000000        0x2 display.o
 .text.displayRotr
                0x0000000000000000        0x2 display.o
 .text.displayClr
                0x0000000000000000       0x16 display.o
 .text.displayString
                0x0000000000000000        0x2 display.o
 .text          0x0000000000000000        0x0 lcd.o
 .data          0x0000000000000000        0x0 lcd.o
 .bss           0x0000000000000000        0x0 lcd.o
 .text          0x0000000000000000        0x0 main.o
 .data          0x0000000000000000        0x0 main.o
 .bss           0x0000000000000000        0x0 main.o
 .text.writeHex
                0x0000000000000000       0x4e main.o
 .text          0x0000000000000000        0x0 mfrc522.o
 .data          0x0000000000000000        0x0 mfrc522.o
 .bss           0x0000000000000000        0x0 mfrc522.o
 .text.mfrc522_get_card_auth
                0x0000000000000000       0x7a mfrc522.o
 .text.MFRC522_CalculateCRC
                0x0000000000000000       0x74 mfrc522.o
 .text.mfrc522_get_card_select
                0x0000000000000000       0x9a mfrc522.o
 .text          0x0000000000000000        0x0 spi.o
 .data          0x0000000000000000        0x0 spi.o
 .bss           0x0000000000000000        0x0 spi.o
 .text          0x0000000000000000        0x0 wait.o
 .data          0x0000000000000000        0x0 wait.o
 .bss           0x0000000000000000        0x0 wait.o
 .text          0x0000000000000000        0x0 c:/program files/microchip/xc8/v2.31/avr/bin/../lib/gcc/avr/5.4.0/avr51/memx-const\libgcc.a(_exit.o)
 .data          0x0000000000000000        0x0 c:/program files/microchip/xc8/v2.31/avr/bin/../lib/gcc/avr/5.4.0/avr51/memx-const\libgcc.a(_exit.o)
 .bss           0x0000000000000000        0x0 c:/program files/microchip/xc8/v2.31/avr/bin/../lib/gcc/avr/5.4.0/avr51/memx-const\libgcc.a(_exit.o)
 .text.libgcc.mul
                0x0000000000000000        0x0 c:/program files/microchip/xc8/v2.31/avr/bin/../lib/gcc/avr/5.4.0/avr51/memx-const\libgcc.a(_exit.o)
 .text.libgcc.div
                0x0000000000000000        0x0 c:/program files/microchip/xc8/v2.31/avr/bin/../lib/gcc/avr/5.4.0/avr51/memx-const\libgcc.a(_exit.o)
 .text.libgcc   0x0000000000000000        0x0 c:/program files/microchip/xc8/v2.31/avr/bin/../lib/gcc/avr/5.4.0/avr51/memx-const\libgcc.a(_exit.o)
 .text.libgcc.prologue
                0x0000000000000000        0x0 c:/program files/microchip/xc8/v2.31/avr/bin/../lib/gcc/avr/5.4.0/avr51/memx-const\libgcc.a(_exit.o)
 .text.libgcc.builtins
                0x0000000000000000        0x0 c:/program files/microchip/xc8/v2.31/avr/bin/../lib/gcc/avr/5.4.0/avr51/memx-const\libgcc.a(_exit.o)
 .text.libgcc.fmul
                0x0000000000000000        0x0 c:/program files/microchip/xc8/v2.31/avr/bin/../lib/gcc/avr/5.4.0/avr51/memx-const\libgcc.a(_exit.o)
 .text.libgcc.fixed
                0x0000000000000000        0x0 c:/program files/microchip/xc8/v2.31/avr/bin/../lib/gcc/avr/5.4.0/avr51/memx-const\libgcc.a(_exit.o)
 .text          0x0000000000000000        0x0 c:/program files/microchip/xc8/v2.31/avr/bin/../lib/gcc/avr/5.4.0/avr51/memx-const\libgcc.a(_copy_data.o)
 .data          0x0000000000000000        0x0 c:/program files/microchip/xc8/v2.31/avr/bin/../lib/gcc/avr/5.4.0/avr51/memx-const\libgcc.a(_copy_data.o)
 .bss           0x0000000000000000        0x0 c:/program files/microchip/xc8/v2.31/avr/bin/../lib/gcc/avr/5.4.0/avr51/memx-const\libgcc.a(_copy_data.o)
 .text.libgcc.mul
                0x0000000000000000        0x0 c:/program files/microchip/xc8/v2.31/avr/bin/../lib/gcc/avr/5.4.0/avr51/memx-const\libgcc.a(_copy_data.o)
 .text.libgcc.div
                0x0000000000000000        0x0 c:/program files/microchip/xc8/v2.31/avr/bin/../lib/gcc/avr/5.4.0/avr51/memx-const\libgcc.a(_copy_data.o)
 .text.libgcc   0x0000000000000000        0x0 c:/program files/microchip/xc8/v2.31/avr/bin/../lib/gcc/avr/5.4.0/avr51/memx-const\libgcc.a(_copy_data.o)
 .text.libgcc.prologue
                0x0000000000000000        0x0 c:/program files/microchip/xc8/v2.31/avr/bin/../lib/gcc/avr/5.4.0/avr51/memx-const\libgcc.a(_copy_data.o)
 .text.libgcc.builtins
                0x0000000000000000        0x0 c:/program files/microchip/xc8/v2.31/avr/bin/../lib/gcc/avr/5.4.0/avr51/memx-const\libgcc.a(_copy_data.o)
 .text.libgcc.fmul
                0x0000000000000000        0x0 c:/program files/microchip/xc8/v2.31/avr/bin/../lib/gcc/avr/5.4.0/avr51/memx-const\libgcc.a(_copy_data.o)
 .text.libgcc.fixed
                0x0000000000000000        0x0 c:/program files/microchip/xc8/v2.31/avr/bin/../lib/gcc/avr/5.4.0/avr51/memx-const\libgcc.a(_copy_data.o)
 .text          0x0000000000000000        0x0 c:/program files/microchip/xc8/v2.31/avr/bin/../lib/gcc/avr/5.4.0/avr51/memx-const\libgcc.a(_movmemx.o)
 .data          0x0000000000000000        0x0 c:/program files/microchip/xc8/v2.31/avr/bin/../lib/gcc/avr/5.4.0/avr51/memx-const\libgcc.a(_movmemx.o)
 .bss           0x0000000000000000        0x0 c:/program files/microchip/xc8/v2.31/avr/bin/../lib/gcc/avr/5.4.0/avr51/memx-const\libgcc.a(_movmemx.o)
 .text.libgcc.mul
                0x0000000000000000        0x0 c:/program files/microchip/xc8/v2.31/avr/bin/../lib/gcc/avr/5.4.0/avr51/memx-const\libgcc.a(_movmemx.o)
 .text.libgcc.div
                0x0000000000000000        0x0 c:/program files/microchip/xc8/v2.31/avr/bin/../lib/gcc/avr/5.4.0/avr51/memx-const\libgcc.a(_movmemx.o)
 .text.libgcc.prologue
                0x0000000000000000        0x0 c:/program files/microchip/xc8/v2.31/avr/bin/../lib/gcc/avr/5.4.0/avr51/memx-const\libgcc.a(_movmemx.o)
 .text.libgcc.builtins
                0x0000000000000000        0x0 c:/program files/microchip/xc8/v2.31/avr/bin/../lib/gcc/avr/5.4.0/avr51/memx-const\libgcc.a(_movmemx.o)
 .text.libgcc.fmul
                0x0000000000000000        0x0 c:/program files/microchip/xc8/v2.31/avr/bin/../lib/gcc/avr/5.4.0/avr51/memx-const\libgcc.a(_movmemx.o)
 .text.libgcc.fixed
                0x0000000000000000        0x0 c:/program files/microchip/xc8/v2.31/avr/bin/../lib/gcc/avr/5.4.0/avr51/memx-const\libgcc.a(_movmemx.o)
 .text          0x0000000000000000        0x0 c:/program files/microchip/xc8/v2.31/avr/bin/../lib/gcc/avr/5.4.0/../../../../avr/lib/avr51/memx-const\libc.a(strcpy_M.o)
 .data          0x0000000000000000        0x0 c:/program files/microchip/xc8/v2.31/avr/bin/../lib/gcc/avr/5.4.0/../../../../avr/lib/avr51/memx-const\libc.a(strcpy_M.o)
 .bss           0x0000000000000000        0x0 c:/program files/microchip/xc8/v2.31/avr/bin/../lib/gcc/avr/5.4.0/../../../../avr/lib/avr51/memx-const\libc.a(strcpy_M.o)
 .text          0x0000000000000000        0x0 c:/program files/microchip/xc8/v2.31/avr/bin/../lib/gcc/avr/5.4.0/../../../../avr/lib/avr51/memx-const\libc.a(sprintf.o)
 .data          0x0000000000000000        0x0 c:/program files/microchip/xc8/v2.31/avr/bin/../lib/gcc/avr/5.4.0/../../../../avr/lib/avr51/memx-const\libc.a(sprintf.o)
 .bss           0x0000000000000000        0x0 c:/program files/microchip/xc8/v2.31/avr/bin/../lib/gcc/avr/5.4.0/../../../../avr/lib/avr51/memx-const\libc.a(sprintf.o)
 .text.avrlibc  0x0000000000000000       0x60 c:/program files/microchip/xc8/v2.31/avr/bin/../lib/gcc/avr/5.4.0/../../../../avr/lib/avr51/memx-const\libc.a(sprintf.o)
 .comment       0x0000000000000000       0x2d c:/program files/microchip/xc8/v2.31/avr/bin/../lib/gcc/avr/5.4.0/../../../../avr/lib/avr51/memx-const\libc.a(sprintf.o)
 .text          0x0000000000000000        0x0 c:/program files/microchip/xc8/v2.31/avr/bin/../lib/gcc/avr/5.4.0/../../../../avr/lib/avr51/memx-const\libc.a(vfprintf_std.o)
 .data          0x0000000000000000        0x0 c:/program files/microchip/xc8/v2.31/avr/bin/../lib/gcc/avr/5.4.0/../../../../avr/lib/avr51/memx-const\libc.a(vfprintf_std.o)
 .bss           0x0000000000000000        0x0 c:/program files/microchip/xc8/v2.31/avr/bin/../lib/gcc/avr/5.4.0/../../../../avr/lib/avr51/memx-const\libc.a(vfprintf_std.o)
 .text.avrlibc  0x0000000000000000      0x450 c:/program files/microchip/xc8/v2.31/avr/bin/../lib/gcc/avr/5.4.0/../../../../avr/lib/avr51/memx-const\libc.a(vfprintf_std.o)
 .comment       0x0000000000000000       0x2d c:/program files/microchip/xc8/v2.31/avr/bin/../lib/gcc/avr/5.4.0/../../../../avr/lib/avr51/memx-const\libc.a(vfprintf_std.o)
 .text          0x0000000000000000        0x0 c:/program files/microchip/xc8/v2.31/avr/bin/../lib/gcc/avr/5.4.0/../../../../avr/lib/avr51/memx-const\libc.a(strnlen_M.o)
 .data          0x0000000000000000        0x0 c:/program files/microchip/xc8/v2.31/avr/bin/../lib/gcc/avr/5.4.0/../../../../avr/lib/avr51/memx-const\libc.a(strnlen_M.o)
 .bss           0x0000000000000000        0x0 c:/program files/microchip/xc8/v2.31/avr/bin/../lib/gcc/avr/5.4.0/../../../../avr/lib/avr51/memx-const\libc.a(strnlen_M.o)
 .text.avrlibc  0x0000000000000000       0x38 c:/program files/microchip/xc8/v2.31/avr/bin/../lib/gcc/avr/5.4.0/../../../../avr/lib/avr51/memx-const\libc.a(strnlen_M.o)
 .comment       0x0000000000000000       0x2d c:/program files/microchip/xc8/v2.31/avr/bin/../lib/gcc/avr/5.4.0/../../../../avr/lib/avr51/memx-const\libc.a(strnlen_M.o)
 .text          0x0000000000000000        0x0 c:/program files/microchip/xc8/v2.31/avr/bin/../lib/gcc/avr/5.4.0/../../../../avr/lib/avr51/memx-const\libc.a(fputc.o)
 .data          0x0000000000000000        0x0 c:/program files/microchip/xc8/v2.31/avr/bin/../lib/gcc/avr/5.4.0/../../../../avr/lib/avr51/memx-const\libc.a(fputc.o)
 .bss           0x0000000000000000        0x0 c:/program files/microchip/xc8/v2.31/avr/bin/../lib/gcc/avr/5.4.0/../../../../avr/lib/avr51/memx-const\libc.a(fputc.o)
 .text.avrlibc  0x0000000000000000       0x78 c:/program files/microchip/xc8/v2.31/avr/bin/../lib/gcc/avr/5.4.0/../../../../avr/lib/avr51/memx-const\libc.a(fputc.o)
 .comment       0x0000000000000000       0x2d c:/program files/microchip/xc8/v2.31/avr/bin/../lib/gcc/avr/5.4.0/../../../../avr/lib/avr51/memx-const\libc.a(fputc.o)
 .text          0x0000000000000000        0x0 c:/program files/microchip/xc8/v2.31/avr/bin/../lib/gcc/avr/5.4.0/../../../../avr/lib/avr51/memx-const\libc.a(ultoa_invert.o)
 .data          0x0000000000000000        0x0 c:/program files/microchip/xc8/v2.31/avr/bin/../lib/gcc/avr/5.4.0/../../../../avr/lib/avr51/memx-const\libc.a(ultoa_invert.o)
 .bss           0x0000000000000000        0x0 c:/program files/microchip/xc8/v2.31/avr/bin/../lib/gcc/avr/5.4.0/../../../../avr/lib/avr51/memx-const\libc.a(ultoa_invert.o)
 .text.avrlibc  0x0000000000000000       0xbc c:/program files/microchip/xc8/v2.31/avr/bin/../lib/gcc/avr/5.4.0/../../../../avr/lib/avr51/memx-const\libc.a(ultoa_invert.o)
 .text          0x0000000000000000        0x0 c:/program files/microchip/xc8/v2.31/avr/bin/../lib/gcc/avr/5.4.0/avr51/memx-const\libgcc.a(_xload_1.o)
 .data          0x0000000000000000        0x0 c:/program files/microchip/xc8/v2.31/avr/bin/../lib/gcc/avr/5.4.0/avr51/memx-const\libgcc.a(_xload_1.o)
 .bss           0x0000000000000000        0x0 c:/program files/microchip/xc8/v2.31/avr/bin/../lib/gcc/avr/5.4.0/avr51/memx-const\libgcc.a(_xload_1.o)
 .text.libgcc.mul
                0x0000000000000000        0x0 c:/program files/microchip/xc8/v2.31/avr/bin/../lib/gcc/avr/5.4.0/avr51/memx-const\libgcc.a(_xload_1.o)
 .text.libgcc.div
                0x0000000000000000        0x0 c:/program files/microchip/xc8/v2.31/avr/bin/../lib/gcc/avr/5.4.0/avr51/memx-const\libgcc.a(_xload_1.o)
 .text.libgcc.prologue
                0x0000000000000000        0x0 c:/program files/microchip/xc8/v2.31/avr/bin/../lib/gcc/avr/5.4.0/avr51/memx-const\libgcc.a(_xload_1.o)
 .text.libgcc.builtins
                0x0000000000000000        0x0 c:/program files/microchip/xc8/v2.31/avr/bin/../lib/gcc/avr/5.4.0/avr51/memx-const\libgcc.a(_xload_1.o)
 .text.libgcc.fmul
                0x0000000000000000        0x0 c:/program files/microchip/xc8/v2.31/avr/bin/../lib/gcc/avr/5.4.0/avr51/memx-const\libgcc.a(_xload_1.o)
 .text.libgcc.fixed
                0x0000000000000000        0x0 c:/program files/microchip/xc8/v2.31/avr/bin/../lib/gcc/avr/5.4.0/avr51/memx-const\libgcc.a(_xload_1.o)

Memory Configuration

Name             Origin             Length             Attributes
text             0x0000000000000000 0x0000000000020000 xr
data             0x0000000000800100 0x0000000000001000 rw !x
eeprom           0x0000000000810000 0x0000000000001000 rw !x
fuse             0x0000000000820000 0x0000000000000003 rw !x
lock             0x0000000000830000 0x0000000000000400 rw !x
signature        0x0000000000840000 0x0000000000000400 rw !x
user_signatures  0x0000000000850000 0x0000000000000400 rw !x
*default*        0x0000000000000000 0xffffffffffffffff

Linker script and memory map

Address of section .data set to 0x800100
LOAD C:/Program Files (x86)/Atmel/Studio/7.0/Packs/atmel/ATmega_DFP/1.6.364/xc8/avr/lib/avr51/memx-const/crtatmega128.o
LOAD display.o
LOAD lcd.o
LOAD main.o
LOAD mfrc522.o
LOAD spi.o
LOAD wait.o
START GROUP
LOAD c:/program files/microchip/xc8/v2.31/avr/bin/../lib/gcc/avr/5.4.0/../../../../avr/lib/avr51/memx-const\libm.a
END GROUP
START GROUP
LOAD c:/program files/microchip/xc8/v2.31/avr/bin/../lib/gcc/avr/5.4.0/avr51/memx-const\libgcc.a
LOAD c:/program files/microchip/xc8/v2.31/avr/bin/../lib/gcc/avr/5.4.0/../../../../avr/lib/avr51/memx-const\libm.a
LOAD c:/program files/microchip/xc8/v2.31/avr/bin/../lib/gcc/avr/5.4.0/../../../../avr/lib/avr51/memx-const\libc.a
LOAD C:/Program Files (x86)/Atmel/Studio/7.0/Packs/atmel/ATmega_DFP/1.6.364/xc8/avr/lib/avr51/memx-const\libatmega128.a
END GROUP
                0x0000000000000000                __TEXT_REGION_ORIGIN__ = DEFINED (__TEXT_REGION_ORIGIN__)?__TEXT_REGION_ORIGIN__:0x0
                [0x0000000000800100]                __DATA_REGION_ORIGIN__ = DEFINED (__DATA_REGION_ORIGIN__)?__DATA_REGION_ORIGIN__:0x800100
                [0x0000000000020000]                __TEXT_REGION_LENGTH__ = DEFINED (__TEXT_REGION_LENGTH__)?__TEXT_REGION_LENGTH__:0x20000
                [0x0000000000001000]                __DATA_REGION_LENGTH__ = DEFINED (__DATA_REGION_LENGTH__)?__DATA_REGION_LENGTH__:0xff00
                [0x0000000000001000]                __EEPROM_REGION_LENGTH__ = DEFINED (__EEPROM_REGION_LENGTH__)?__EEPROM_REGION_LENGTH__:0x10000
                [0x0000000000000003]                __FUSE_REGION_LENGTH__ = DEFINED (__FUSE_REGION_LENGTH__)?__FUSE_REGION_LENGTH__:0x400
                0x0000000000000400                __LOCK_REGION_LENGTH__ = DEFINED (__LOCK_REGION_LENGTH__)?__LOCK_REGION_LENGTH__:0x400
                0x0000000000000400                __SIGNATURE_REGION_LENGTH__ = DEFINED (__SIGNATURE_REGION_LENGTH__)?__SIGNATURE_REGION_LENGTH__:0x400
                0x0000000000000400                __USER_SIGNATURE_REGION_LENGTH__ = DEFINED (__USER_SIGNATURE_REGION_LENGTH__)?__USER_SIGNATURE_REGION_LENGTH__:0x400

.hash
 *(.hash)

.dynsym
 *(.dynsym)

.dynstr
 *(.dynstr)

.gnu.version
 *(.gnu.version)

.gnu.version_d
 *(.gnu.version_d)

.gnu.version_r
 *(.gnu.version_r)

.rel.init
 *(.rel.init)

.rela.init
 *(.rela.init)

.rel.text
 *(.rel.text)
 *(.rel.text.*)
 *(.rel.gnu.linkonce.t*)

.rela.text
 *(.rela.text)
 *(.rela.text.*)
 *(.rela.gnu.linkonce.t*)

.rel.fini
 *(.rel.fini)

.rela.fini
 *(.rela.fini)

.rel.rodata
 *(.rel.rodata)
 *(.rel.rodata.*)
 *(.rel.gnu.linkonce.r*)

.rela.rodata
 *(.rela.rodata)
 *(.rela.rodata.*)
 *(.rela.gnu.linkonce.r*)

.rel.data
 *(.rel.data)
 *(.rel.data.*)
 *(.rel.gnu.linkonce.d*)

.rela.data
 *(.rela.data)
 *(.rela.data.*)
 *(.rela.gnu.linkonce.d*)

.rel.ctors
 *(.rel.ctors)

.rela.ctors
 *(.rela.ctors)

.rel.dtors
 *(.rel.dtors)

.rela.dtors
 *(.rela.dtors)

.rel.got
 *(.rel.got)

.rela.got
 *(.rela.got)

.rel.bss
 *(.rel.bss)

.rela.bss
 *(.rela.bss)

.rel.plt
 *(.rel.plt)

.rela.plt
 *(.rela.plt)

.text           0x0000000000000000       0xf0
 *(.vectors)
 .vectors       0x0000000000000000       0x8c C:/Program Files (x86)/Atmel/Studio/7.0/Packs/atmel/ATmega_DFP/1.6.364/xc8/avr/lib/avr51/memx-const/crtatmega128.o
                0x0000000000000000                __vector_default
                0x0000000000000000                __vectors
 *(.vectors)
 *(.progmem.gcc*)
 *(.dinit)
 .dinit         0x000000000000008c        0xc data_init
                0x0000000000000098                . = ALIGN (0x2)
 *fill*         0x0000000000000098        0x0 
                0x0000000000000098                __trampolines_start = .
 *(.trampolines)
 .trampolines   0x0000000000000098        0x0 linker stubs
 *(.trampolines*)
                0x0000000000000098                __trampolines_end = .
 *libprintf_flt.a:*(.progmem.data)
 *libc.a:*(.progmem.data)
                0x0000000000000098                . = ALIGN (0x2)
 *(.jumptables)
 *(.jumptables*)
 *(.lowtext)
 *(.lowtext*)
                0x0000000000000098                __ctors_start = .
 *(.ctors)
                0x0000000000000098                __ctors_end = .
                0x0000000000000098                __dtors_start = .
 *(.dtors)
                0x0000000000000098                __dtors_end = .
 SORT(*)(.ctors)
 SORT(*)(.dtors)
 *(.init0)
 .init0         0x0000000000000098        0x0 C:/Program Files (x86)/Atmel/Studio/7.0/Packs/atmel/ATmega_DFP/1.6.364/xc8/avr/lib/avr51/memx-const/crtatmega128.o
                0x0000000000000098                __init
 *(.init0)
 *(.init1)
 *(.init1)
 *(.init2)
 .init2         0x0000000000000098        0xc C:/Program Files (x86)/Atmel/Studio/7.0/Packs/atmel/ATmega_DFP/1.6.364/xc8/avr/lib/avr51/memx-const/crtatmega128.o
 *(.init2)
 *(.init3)
 *(.init3)
 *(.init4)
 .init4         0x00000000000000a4       0x40 c:/program files/microchip/xc8/v2.31/avr/bin/../lib/gcc/avr/5.4.0/avr51/memx-const\libgcc.a(_copy_data.o)
                0x00000000000000a4                __do_copy_data
                0x00000000000000d6                __do_clear_bss
 *(.init4)
 *(.init5)
 *(.init5)
 *(.init6)
 *(.init6)
 *(.init7)
 *(.init7)
 *(.init8)
 *(.init8)
 *(.init9)
 .init9         0x00000000000000e4        0x8 C:/Program Files (x86)/Atmel/Studio/7.0/Packs/atmel/ATmega_DFP/1.6.364/xc8/avr/lib/avr51/memx-const/crtatmega128.o
 *(.init9)
                0x00000000000000ec                . = ALIGN (0x2)
 *(.fini9)
 .fini9         0x00000000000000ec        0x0 c:/program files/microchip/xc8/v2.31/avr/bin/../lib/gcc/avr/5.4.0/avr51/memx-const\libgcc.a(_exit.o)
                0x00000000000000ec                _exit
                0x00000000000000ec                exit
 *(.fini9)
 *(.fini8)
 *(.fini8)
 *(.fini7)
 *(.fini7)
 *(.fini6)
 *(.fini6)
 *(.fini5)
 *(.fini5)
 *(.fini4)
 *(.fini4)
 *(.fini3)
 *(.fini3)
 *(.fini2)
 *(.fini2)
 *(.fini1)
 *(.fini1)
 *(.fini0)
 .fini0         0x00000000000000ec        0x4 c:/program files/microchip/xc8/v2.31/avr/bin/../lib/gcc/avr/5.4.0/avr51/memx-const\libgcc.a(_exit.o)
 *(.fini0)
                0x00000000000000f0                _etext = .

.data           0x0000000000800100        0x0 load address 0x00000000000000f0
                [!provide]                        PROVIDE (__data_start, .)
 *(.gnu.linkonce.d*)
 *(.gnu.linkonce.r*)
                0x0000000000800100                . = ALIGN (0x2)
                0x0000000000800100                _edata = .
                [!provide]                        PROVIDE (__data_end, .)

.bss            0x0000000000800100       0x68
                [!provide]                        PROVIDE (__bss_start, .)
 *(COMMON)
 COMMON         0x0000000000800100        0x8 display.o
                0x0000000000800100                buf
 COMMON         0x0000000000800108       0x60 main.o
                0x0000000000800108                stringHolder
                0x0000000000800118                SelfTestBuffer
                0x0000000000800158                str
                [!provide]                        PROVIDE (__bss_end, .)
                0x00000000000000f0                __data_load_start = LOADADDR (.data)
                0x00000000000000f0                __data_load_end = (__data_load_start + SIZEOF (.data))

.noinit         0x0000000000800168        0x0
                [!provide]                        PROVIDE (__noinit_start, .)
 *(.noinit*)
                [!provide]                        PROVIDE (__noinit_end, .)
                0x0000000000800168                _end = .

.eeprom         0x0000000000810000        0x0
 *(.eeprom*)
                0x0000000000810000                __eeprom_end = .

.fuse
 *(.fuse)
 *(.lfuse)
 *(.hfuse)
 *(.efuse)

.lock
 *(.lock*)

.signature
 *(.signature*)

.user_signatures
 *(.user_signatures*)

.stab
 *(.stab)

.stabstr
 *(.stabstr)

.stab.excl
 *(.stab.excl)

.stab.exclstr
 *(.stab.exclstr)

.stab.index
 *(.stab.index)

.stab.indexstr
 *(.stab.indexstr)

.comment        0x0000000000000000       0x5b
 *(.comment)
 .comment       0x0000000000000000       0x2f display.o
                                         0x30 (size before relaxing)
 .comment       0x000000000000002f       0x30 lcd.o
 .comment       0x000000000000002f       0x30 main.o
 .comment       0x000000000000002f       0x30 mfrc522.o
 .comment       0x000000000000002f       0x30 spi.o
 .comment       0x000000000000002f       0x30 wait.o
 .comment       0x000000000000002f       0x2c c:/program files/microchip/xc8/v2.31/avr/bin/../lib/gcc/avr/5.4.0/../../../../avr/lib/avr51/memx-const\libc.a(strcpy_M.o)
                                         0x2d (size before relaxing)

.note.gnu.build-id
 *(.note.gnu.build-id)

.debug
 *(.debug)

.line
 *(.line)

.debug_srcinfo
 *(.debug_srcinfo)

.debug_sfnames
 *(.debug_sfnames)

.debug_aranges  0x0000000000000000      0x1f0
 *(.debug_aranges)
 .debug_aranges
                0x0000000000000000       0x88 display.o
 .debug_aranges
                0x0000000000000088       0x50 lcd.o
 .debug_aranges
                0x00000000000000d8       0x58 main.o
 .debug_aranges
                0x0000000000000130       0x78 mfrc522.o
 .debug_aranges
                0x00000000000001a8       0x28 spi.o
 .debug_aranges
                0x00000000000001d0       0x20 wait.o

.debug_pubnames
 *(.debug_pubnames)

.debug_info     0x0000000000000000     0x2f79
 *(.debug_info .gnu.linkonce.wi.*)
 .debug_info    0x0000000000000000      0x780 C:/Program Files (x86)/Atmel/Studio/7.0/Packs/atmel/ATmega_DFP/1.6.364/xc8/avr/lib/avr51/memx-const/crtatmega128.o
 .debug_info    0x0000000000000780      0x7ba display.o
 .debug_info    0x0000000000000f3a      0x51b lcd.o
 .debug_info    0x0000000000001455      0x9a2 main.o
 .debug_info    0x0000000000001df7      0xbe9 mfrc522.o
 .debug_info    0x00000000000029e0      0x286 spi.o
 .debug_info    0x0000000000002c66      0x313 wait.o

.debug_abbrev   0x0000000000000000      0xda2
 *(.debug_abbrev)
 .debug_abbrev  0x0000000000000000      0x718 C:/Program Files (x86)/Atmel/Studio/7.0/Packs/atmel/ATmega_DFP/1.6.364/xc8/avr/lib/avr51/memx-const/crtatmega128.o
 .debug_abbrev  0x0000000000000718      0x14d display.o
 .debug_abbrev  0x0000000000000865       0xf4 lcd.o
 .debug_abbrev  0x0000000000000959      0x19e main.o
 .debug_abbrev  0x0000000000000af7      0x174 mfrc522.o
 .debug_abbrev  0x0000000000000c6b       0x6d spi.o
 .debug_abbrev  0x0000000000000cd8       0xca wait.o

.debug_line     0x0000000000000000     0x1103
 *(.debug_line .debug_line.* .debug_line_end)
 .debug_line    0x0000000000000000      0x16d C:/Program Files (x86)/Atmel/Studio/7.0/Packs/atmel/ATmega_DFP/1.6.364/xc8/avr/lib/avr51/memx-const/crtatmega128.o
 .debug_line    0x000000000000016d      0x354 display.o
 .debug_line    0x00000000000004c1      0x221 lcd.o
 .debug_line    0x00000000000006e2      0x379 main.o
 .debug_line    0x0000000000000a5b      0x50e mfrc522.o
 .debug_line    0x0000000000000f69       0xb1 spi.o
 .debug_line    0x000000000000101a       0xe9 wait.o

.debug_frame    0x0000000000000000      0x50c
 *(.debug_frame)
 .debug_frame   0x0000000000000000      0x108 display.o
 .debug_frame   0x0000000000000108       0xc4 lcd.o
 .debug_frame   0x00000000000001cc       0xdc main.o
 .debug_frame   0x00000000000002a8      0x20c mfrc522.o
 .debug_frame   0x00000000000004b4       0x34 spi.o
 .debug_frame   0x00000000000004e8       0x24 wait.o

.debug_str      0x0000000000000000      0x351
 *(.debug_str)
 .debug_str     0x0000000000000000      0x27d C:/Program Files (x86)/Atmel/Studio/7.0/Packs/atmel/ATmega_DFP/1.6.364/xc8/avr/lib/avr51/memx-const/crtatmega128.o
 .debug_str     0x000000000000027d        0x0 display.o
 .debug_str     0x000000000000027d        0x0 lcd.o
 .debug_str     0x000000000000027d       0x91 main.o
 .debug_str     0x000000000000030e       0x43 mfrc522.o
 .debug_str     0x0000000000000351        0x0 spi.o
 .debug_str     0x0000000000000351        0x0 wait.o

.debug_loc      0x0000000000000000     0x12bb
 *(.debug_loc)
 .debug_loc     0x0000000000000000      0x2cd display.o
 .debug_loc     0x00000000000002cd      0x1d2 lcd.o
 .debug_loc     0x000000000000049f      0x250 main.o
 .debug_loc     0x00000000000006ef      0xb43 mfrc522.o
 .debug_loc     0x0000000000001232       0x1f spi.o
 .debug_loc     0x0000000000001251       0x6a wait.o

.debug_macinfo
 *(.debug_macinfo)

.debug_weaknames
 *(.debug_weaknames)

.debug_funcnames
 *(.debug_funcnames)

.debug_typenames
 *(.debug_typenames)

.debug_varnames
 *(.debug_varnames)

.debug_pubtypes
 *(.debug_pubtypes)

.debug_ranges   0x0000000000000000      0x1c0
 *(.debug_ranges)
 .debug_ranges  0x0000000000000000       0x90 display.o
 .debug_ranges  0x0000000000000090       0x40 lcd.o
 .debug_ranges  0x00000000000000d0       0x60 main.o
 .debug_ranges  0x0000000000000130       0x68 mfrc522.o
 .debug_ranges  0x0000000000000198       0x18 spi.o
 .debug_ranges  0x00000000000001b0       0x10 wait.o

.debug_macro
 *(.debug_macro)
OUTPUT(Eindopdracht.elf elf32-avr)
LOAD linker stubs
LOAD data_init

.note.gnu.avr.deviceinfo
                0x0000000000000000       0x3c
 .note.gnu.avr.deviceinfo
                0x0000000000000000       0x3c C:/Program Files (x86)/Atmel/Studio/7.0/Packs/atmel/ATmega_DFP/1.6.364/xc8/avr/lib/avr51/memx-const/crtatmega128.o

.bss.userPrompted
                0x000000000080016c        0x2
 .bss.userPrompted
                0x000000000080016c        0x2 main.o
                0x000000000080016c                userPrompted

.bss.key        0x0000000000800168        0x4
 .bss.key       0x0000000000800168        0x4 main.o
                0x0000000000800168                key

.progmem0.data.font
                0x00000000000000f0      0x3f8
 .progmem0.data.font
                0x00000000000000f0      0x3f8 display.o
                0x00000000000000f0                font

.progmemx.data  0x00000000000004e8       0x65
 .progmemx.data
                0x00000000000004e8       0x65 main.o

.progmemx.data  0x000000000000054d       0x11
 .progmemx.data
                0x000000000000054d       0x11 lcd.o

.text.mfrc522_to_card
                0x000000000000055e      0x1e8
 .text.mfrc522_to_card
                0x000000000000055e      0x1e8 mfrc522.o
                0x000000000000055e                mfrc522_to_card

.text.main      0x0000000000000746       0xfe
 .text.main     0x0000000000000746       0xfe main.o
                0x0000000000000746                main

.text.displayInitHT16K33
                0x0000000000000844       0x96
 .text.displayInitHT16K33
                0x0000000000000844       0x96 display.o
                0x0000000000000844                displayInitHT16K33

.text.lcd_init  0x00000000000008da       0x96
 .text.lcd_init
                0x00000000000008da       0x96 lcd.o
                0x00000000000008da                lcd_init

.text.cardScanInit
                0x0000000000000970       0x7c
 .text.cardScanInit
                0x0000000000000970       0x7c main.o
                0x0000000000000970                cardScanInit

.text.mfrc522_get_card_serial
                0x00000000000009ec       0x78
 .text.mfrc522_get_card_serial
                0x00000000000009ec       0x78 mfrc522.o
                0x00000000000009ec                mfrc522_get_card_serial

.text.mfrc522_request
                0x0000000000000a64       0x6a
 .text.mfrc522_request
                0x0000000000000a64       0x6a mfrc522.o
                0x0000000000000a64                mfrc522_request

.text.mfrc522_init
                0x0000000000000ace       0x4c
 .text.mfrc522_init
                0x0000000000000ace       0x4c mfrc522.o
                0x0000000000000ace                mfrc522_init

.text.display   0x0000000000000b1a       0x4a
 .text.display  0x0000000000000b1a       0x4a display.o
                0x0000000000000b1a                display

.text.convertSerialN
                0x0000000000000b64       0x42
 .text.convertSerialN
                0x0000000000000b64       0x42 main.o
                0x0000000000000b64                convertSerialN

.text.displayChar
                0x0000000000000ba6       0x38
 .text.displayChar
                0x0000000000000ba6       0x38 display.o
                0x0000000000000ba6                displayChar

.text.scanCard  0x0000000000000bde       0x38
 .text.scanCard
                0x0000000000000bde       0x38 main.o
                0x0000000000000bde                scanCard

.text.test_write
                0x0000000000000c16       0x32
 .text.test_write
                0x0000000000000c16       0x32 main.o
                0x0000000000000c16                test_write

.text.mfrc522_write
                0x0000000000000c48       0x26
 .text.mfrc522_write
                0x0000000000000c48       0x26 mfrc522.o
                0x0000000000000c48                mfrc522_write

.text.lcd_write_cmd
                0x0000000000000c6e       0x24
 .text.lcd_write_cmd
                0x0000000000000c6e       0x24 lcd.o
                0x0000000000000c6e                lcd_write_cmd

.text.lcd_write_data
                0x0000000000000c92       0x24
 .text.lcd_write_data
                0x0000000000000c92       0x24 lcd.o
                0x0000000000000c92                lcd_write_data

.text.lcd_display_text
                0x0000000000000cb6       0x22
 .text.lcd_display_text
                0x0000000000000cb6       0x22 lcd.o
                0x0000000000000cb6                lcd_display_text

.text.mfrc522_read
                0x0000000000000cd8       0x22
 .text.mfrc522_read
                0x0000000000000cd8       0x22 mfrc522.o
                0x0000000000000cd8                mfrc522_read

.text.lcd_strobe_lcd_e
                0x0000000000000cfa       0x1e
 .text.lcd_strobe_lcd_e
                0x0000000000000cfa       0x1e lcd.o
                0x0000000000000cfa                lcd_strobe_lcd_e

.text.MFRC522_ClearBitMask
                0x0000000000000d18       0x1e
 .text.MFRC522_ClearBitMask
                0x0000000000000d18       0x1e mfrc522.o
                0x0000000000000d18                MFRC522_ClearBitMask

.text.wait      0x0000000000000d36       0x1e
 .text.wait     0x0000000000000d36       0x1e wait.o
                0x0000000000000d36                wait

.text.avrlibc   0x0000000000000d54       0x1e
 .text.avrlibc  0x0000000000000d54       0x1e c:/program files/microchip/xc8/v2.31/avr/bin/../lib/gcc/avr/5.4.0/../../../../avr/lib/avr51/memx-const\libc.a(strcpy_M.o)
                0x0000000000000d54                strcpy

.text.readSerial
                0x0000000000000d72       0x1c
 .text.readSerial
                0x0000000000000d72       0x1c main.o
                0x0000000000000d72                readSerial

.text.MFRC522_SetBitMask
                0x0000000000000d8e       0x1c
 .text.MFRC522_SetBitMask
                0x0000000000000d8e       0x1c mfrc522.o
                0x0000000000000d8e                MFRC522_SetBitMask

.text.libgcc    0x0000000000000daa       0x1c
 .text.libgcc   0x0000000000000daa       0x1c c:/program files/microchip/xc8/v2.31/avr/bin/../lib/gcc/avr/5.4.0/avr51/memx-const\libgcc.a(_movmemx.o)
                0x0000000000000daa                __movmemx_qi
                0x0000000000000dac                __movmemx_hi

.text.lcd_write_string
                0x0000000000000dc6       0x1a
 .text.lcd_write_string
                0x0000000000000dc6       0x1a lcd.o
                0x0000000000000dc6                lcd_write_string

.text.resetHolder
                0x0000000000000de0       0x1a
 .text.resetHolder
                0x0000000000000de0       0x1a main.o
                0x0000000000000de0                resetHolder

.text.twi_tx    0x0000000000000dfa       0x14
 .text.twi_tx   0x0000000000000dfa       0x14 display.o
                0x0000000000000dfa                twi_tx

.text.twi_start
                0x0000000000000e0e       0x10
 .text.twi_start
                0x0000000000000e0e       0x10 display.o
                0x0000000000000e0e                twi_start

.text.spi_masterInit
                0x0000000000000e1e        0xe
 .text.spi_masterInit
                0x0000000000000e1e        0xe spi.o
                0x0000000000000e1e                spi_masterInit

.text.libgcc    0x0000000000000e2c        0xe
 .text.libgcc   0x0000000000000e2c        0xe c:/program files/microchip/xc8/v2.31/avr/bin/../lib/gcc/avr/5.4.0/avr51/memx-const\libgcc.a(_xload_1.o)
                0x0000000000000e2c                __xload_1

.text.twi_init  0x0000000000000e3a        0xc
 .text.twi_init
                0x0000000000000e3a        0xc display.o
                0x0000000000000e3a                twi_init

.text.displayInit
                0x0000000000000e46        0xc
 .text.displayInit
                0x0000000000000e46        0xc display.o
                0x0000000000000e46                displayInit

.text.mfrc522_reset
                0x0000000000000e52        0xa
 .text.mfrc522_reset
                0x0000000000000e52        0xa mfrc522.o
                0x0000000000000e52                mfrc522_reset

.text.spi_transmit
                0x0000000000000e5c        0xa
 .text.spi_transmit
                0x0000000000000e5c        0xa spi.o
                0x0000000000000e5c                spi_transmit

.text.twi_stop  0x0000000000000e66        0x8
 .text.twi_stop
                0x0000000000000e66        0x8 display.o
                0x0000000000000e66                twi_stop

.text.lcd_set_cursor
                0x0000000000000e6e        0x8
 .text.lcd_set_cursor
                0x0000000000000e6e        0x8 lcd.o
                0x0000000000000e6e                lcd_set_cursor

.text           0x0000000000000e76        0x4
 .text          0x0000000000000e76        0x4 C:/Program Files (x86)/Atmel/Studio/7.0/Packs/atmel/ATmega_DFP/1.6.364/xc8/avr/lib/avr51/memx-const/crtatmega128.o
                0x0000000000000e76                __vector_22
                0x0000000000000e76                __vector_28
                0x0000000000000e76                __vector_1
                0x0000000000000e76                __vector_32
                0x0000000000000e76                __vector_34
                0x0000000000000e76                __vector_24
                0x0000000000000e76                __vector_12
                0x0000000000000e76                __bad_interrupt
                0x0000000000000e76                __vector_6
                0x0000000000000e76                __vector_31
                0x0000000000000e76                __vector_3
                0x0000000000000e76                __vector_23
                0x0000000000000e76                __vector_30
                0x0000000000000e76                __vector_25
                0x0000000000000e76                __vector_11
                0x0000000000000e76                __vector_13
                0x0000000000000e76                __vector_17
                0x0000000000000e76                __vector_19
                0x0000000000000e76                __vector_7
                0x0000000000000e76                __vector_27
                0x0000000000000e76                __vector_5
                0x0000000000000e76                __vector_33
                0x0000000000000e76                __vector_4
                0x0000000000000e76                __vector_9
                0x0000000000000e76                __vector_2
                0x0000000000000e76                __vector_21
                0x0000000000000e76                __vector_15
                0x0000000000000e76                __vector_29
                0x0000000000000e76                __vector_8
                0x0000000000000e76                __vector_26
                0x0000000000000e76                __vector_14
                0x0000000000000e76                __vector_10
                0x0000000000000e76                __vector_16
                0x0000000000000e76                __vector_18
                0x0000000000000e76                __vector_20

.data.byte      0x000000000080016e        0x1 load address 0x0000000000000e7a
 .data.byte     0x000000000080016e        0x1 main.o
                0x000000000080016e                byte
